// Vitest Snapshot v1, https://vitest.dev/guide/snapshot.html

exports[`Description > people 1 > should match snapshot 1`] = `
<main
  data-testid="description-page"
  id="description-page"
>
  <h1>
    Luke Skywalker
  </h1>
  <p
    data-testid="height"
  >
    Height
    : 
    172
  </p>
  <p
    data-testid="mass"
  >
    Mass
    : 
    77
  </p>
  <p
    data-testid="haircolor"
  >
    Hair color
    : 
    blond
  </p>
  <p
    data-testid="skincolor"
  >
    Skin color
    : 
    fair
  </p>
  <p
    data-testid="eyecolor"
  >
    Eye color
    : 
    blue
  </p>
  <p
    data-testid="birthyear"
  >
    Birth year
    : 
    19BBY
  </p>
  <p
    data-testid="gender"
  >
    Gender
    : 
    male
  </p>
  <p
    data-testid="homeworld"
  >
    Home world
    : 
    https://swapi.dev/api/planets/1/
  </p>
  <div
    data-testid="film"
  >
    <p
      data-testid="film-title"
    >
      Films
    </p>
    <ul>
      <li
        data-testid="film-0"
      >
        https://swapi.dev/api/films/1/
      </li>
      <li
        data-testid="film-1"
      >
        https://swapi.dev/api/films/2/
      </li>
      <li
        data-testid="film-2"
      >
        https://swapi.dev/api/films/3/
      </li>
      <li
        data-testid="film-3"
      >
        https://swapi.dev/api/films/6/
      </li>
    </ul>
  </div>
  <div
    data-testid="species"
  >
    <p
      data-testid="species-title"
    >
      Species
    </p>
    <p
      data-testid="species-empty"
    >
      No 
      species
       linked
    </p>
  </div>
  <div
    data-testid="vehicle"
  >
    <p
      data-testid="vehicle-title"
    >
      Vehicles
    </p>
    <ul>
      <li
        data-testid="vehicle-0"
      >
        https://swapi.dev/api/vehicles/14/
      </li>
      <li
        data-testid="vehicle-1"
      >
        https://swapi.dev/api/vehicles/30/
      </li>
    </ul>
  </div>
  <div
    data-testid="species"
  >
    <p
      data-testid="species-title"
    >
      Starships
    </p>
    <ul>
      <li
        data-testid="species-0"
      >
        https://swapi.dev/api/starships/12/
      </li>
      <li
        data-testid="species-1"
      >
        https://swapi.dev/api/starships/22/
      </li>
    </ul>
  </div>
  <p
    data-testid="created"
  >
    Created
    : 
    09/12/2014 14:50:51
  </p>
  <p
    data-testid="edited"
  >
    Edited
    : 
    20/12/2014 22:17:56
  </p>
</main>
`;
